<html>
<body>
<pre>
<h1>µVision Build Log</h1>
<h2>Tool Versions:</h2>
IDE-Version: µVision V5.35.0.0
Copyright (C) 2021 ARM Ltd and ARM Germany GmbH. All rights reserved.
License Information: EDISON NGUNJIRI, SCHOOL, LIC=03C6R-K6EKD-X7CRZ-JKBL8-0PQ19-LDZGN
 
Tool Versions:
Toolchain:       MDK-ARM Plus  Version: 5.35.0.2
Toolchain Path:  C:\Keil_v5\ARM\ARMCLANG\Bin
C Compiler:      ArmClang.exe V6.16
Assembler:       Armasm.exe V6.16
Linker/Locator:  ArmLink.exe V6.16
Library Manager: ArmAr.exe V6.16
Hex Converter:   FromElf.exe V6.16
CPU DLL:         SARMCM3.DLL V5.35.0.2
Dialog DLL:      DCM.DLL V1.17.3.0
Target DLL:      STLink\ST-LINKIII-KEIL_SWO.dll V3.0.9.0
Dialog DLL:      TCM.DLL V1.53.0.0
 
<h2>Project:</h2>
C:\Users\USER\Documents\CUBEMX\MPUG050 - I2C1\USART_I2C.uvprojx
Project File Date:  03/22/2022

<h2>Output:</h2>
*** Using Compiler 'V6.16', folder: 'C:\Keil_v5\ARM\ARMCLANG\Bin'
Build target 'Target 1'
main.c(20): warning: implicit conversion changes signedness: 'int' to 'unsigned int' [-Wsign-conversion]
        GPIOA->MODER &=~ 0x00000C00; /* clear pin mode */
                     ~~^~~~~~~~~~~~
1 warning generated.
compiling main.c...
I2C.c(42): warning: implicit conversion changes signedness: 'int' to 'uint32_t' (aka 'unsigned int') [-Wsign-conversion]
        I2C1->DR = (uint8_t)saddr<<1;           /* transmit slave address + Write */
                 ~ ~~~~~~~~~~~~~~^~~
I2C.c(67): warning: implicit conversion changes signedness: 'int' to 'uint32_t' (aka 'unsigned int') [-Wsign-conversion]
        I2C1->DR = saddr << 1; /* transmit slave address */
                 ~ ~~~~~~^~~~
I2C.c(69): warning: implicit conversion changes signedness: 'volatile uint32_t' (aka 'volatile unsigned int') to 'int' [-Wsign-conversion]
        tmp = I2C1->SR2; /*clear addr flag */
            ~ ~~~~~~^~~
3 warnings generated.
compiling I2C.c...
MPU6050.c(75): warning: implicit conversion loses integer precision: 'int' to 'uint16_t' (aka 'unsigned short') [-Wimplicit-int-conversion]
        return ((uint8_t)I2cData[0]<<8|I2cData[1]);
        ~~~~~~  ~~~~~~~~~~~~~~~~~~~~~~^~~~~~~~~~~
MPU6050.c(32): warning: no previous extern declaration for non-static variable 'MPU6050_Data' [-Wmissing-variable-declarations]
MPU6050_GetData MPU6050_Data;
                ^
MPU6050.c(32): note: declare 'static' if the variable is not intended to be used outside of this translation unit
MPU6050_GetData MPU6050_Data;
^
2 warnings generated.
compiling MPU6050.c...
linking...
Program Size: Code=9732 RO-data=748 RW-data=0 ZI-data=1824  
".\Objects\USART_I2C.axf" - 0 Error(s), 6 Warning(s).

<h2>Software Packages used:</h2>

Package Vendor: ARM
                http://www.keil.com/pack/ARM.CMSIS.5.8.0.pack
                ARM.CMSIS.5.8.0
                CMSIS (Common Microcontroller Software Interface Standard)
   * Component: CORE Version: 5.5.0

Package Vendor: Keil
                http://www.keil.com/pack/Keil.STM32F4xx_DFP.2.15.0.pack
                Keil.STM32F4xx_DFP.2.15.0
                STMicroelectronics STM32F4 Series Device Support, Drivers and Examples
   * Component: Startup Version: 2.6.3

<h2>Collection of Component include folders:</h2>
  .\RTE\_Target_1
  C:\Users\USER\AppData\Local\Arm\Packs\ARM\CMSIS\5.8.0\CMSIS\Core\Include
  C:\Users\USER\AppData\Local\Arm\Packs\Keil\STM32F4xx_DFP\2.15.0\Drivers\CMSIS\Device\ST\STM32F4xx\Include

<h2>Collection of Component Files used:</h2>

   * Component: ARM::CMSIS:CORE:5.5.0

   * Component: Keil::Device:Startup:2.6.3
      Source file:   MDK\Device\Source\ARM\STM32F401xx_OPT.s
      Source file:   Drivers\CMSIS\Device\ST\STM32F4xx\Source\Templates\arm\startup_stm32f401xe.s
      Include file:  Drivers\CMSIS\Device\ST\STM32F4xx\Include\stm32f4xx.h
      Source file:   MDK\Device\Source\ARM\STM32F4xx_OTP.s
      Source file:   Drivers\CMSIS\Device\ST\STM32F4xx\Source\Templates\system_stm32f4xx.c
Build Time Elapsed:  00:00:03
</pre>
</body>
</html>
